#-----------------------------------------------------------
# Webtalk v2020.2 (64-bit)
# SW Build 3064766 on Wed Nov 18 09:12:47 MST 2020
# IP Build 3064653 on Wed Nov 18 14:17:31 MST 2020
# Start of session at: Thu Jan 21 16:31:24 2021
# Process ID: 131264
# Current directory: /home/oshears/Documents/vt/research/code/verilog/snn_fpga/vivado/if_neuron_project/if_neuron_project.sim/sim_1/behav/xsim
# Command line: wbtcv -mode batch -source /home/oshears/Documents/vt/research/code/verilog/snn_fpga/vivado/if_neuron_project/if_neuron_project.sim/sim_1/behav/xsim/xsim.dir/if_neuron_tb_behav/webtalk/xsim_webtalk.tcl -notrace
# Log file: /home/oshears/Documents/vt/research/code/verilog/snn_fpga/vivado/if_neuron_project/if_neuron_project.sim/sim_1/behav/xsim/webtalk.log
# Journal file: /home/oshears/Documents/vt/research/code/verilog/snn_fpga/vivado/if_neuron_project/if_neuron_project.sim/sim_1/behav/xsim/webtalk.jou
#-----------------------------------------------------------
source /home/oshears/Documents/vt/research/code/verilog/snn_fpga/vivado/if_neuron_project/if_neuron_project.sim/sim_1/behav/xsim/xsim.dir/if_neuron_tb_behav/webtalk/xsim_webtalk.tcl -notrace
